// Jest Snapshot v1, https://goo.gl/fbAQLP

exports[`Qoute page is working 1`] = `
<div
  className="quote"
>
  <p>
    Loading...
  </p>
</div>
`;
